exports[`component structure renders correctly 1`] = `
<div
  className="col-xs-12 
      undefined 
      undefined">
  <div
    className="sc-htpNat hvvDZo">
    <label
      className="sc-bdVaJa fxdtZh"
      htmlFor="identifier">
      Test label
    </label>
    <textarea
      className="sc-bwzfXH hQSOcI"
      id="identifier"
      name="identifier"
      onChange={[Function]}
      value="Test value" />
  </div>
</div>
`;
