exports[`component structure renders correctly 1`] = `
<label
  className="sc-bdVaJa fxdtZh"
  for="identifier">
  Test value
</label>
`;
