exports[`test renders correctly 1`] = `
<button
  className="sc-bdVaJa emkchh">
  Hello
</button>
`;
