exports[`test renders correctly 1`] = `
<p
  className="sc-bdVaJa eGZoUg">
  Hello
</p>
`;
