exports[`test renders correctly 1`] = `
<section
  className="sc-bdVaJa cYbOri">
  Test section
</section>
`;
