exports[`test renders correctly 1`] = `
<div
  className="undefined middle-xs row">
  Test children
</div>
`;
