exports[`test renders correctly 1`] = `
<div
  className="sc-bdVaJa emyLmK"
  color="#000000" />
`;
