exports[`component structure renders correctly 1`] = `
<input
  className="sc-bdVaJa eFURHh"
  id="test"
  name="test"
  onChange={[Function]}
  status="success"
  type="text"
  value="Test" />
`;
