exports[`test renders correctly 1`] = `
<div
  className="col-xs-undefined 
      undefined 
      col-md-6">
  <p>
    Hello
  </p>
</div>
`;
