exports[`test renders correctly 1`] = `
<section
  className="sc-bdVaJa cpVWsY">
  <h1
    className="sc-bwzfXH jpWVOo">
    RSVP to our wedding in Baltimore, Maryland on 
    <br />
    December 2nd, 2017.
  </h1>
  <a
    className="sc-bxivhb cKjUkO"
    href="/rsvp"
    onClick={[Function]}>
    CONTACT US
  </a>
</section>
`;
