exports[`test renders correctly 1`] = `
<li
  className="sc-bdVaJa fzKGhT">
  Test item
</li>
`;
