exports[`test renders correctly 1`] = `
<section>
  <h1
    className="sc-bdVaJa hkNTgp">
    Test header
  </h1>
  <ul
    className="sc-bwzfXH bDtYuz">
    Test children
  </ul>
</section>
`;
