exports[`test renders correctly 1`] = `
<h1
  className="sc-bdVaJa hkNTgp">
  Test header
</h1>
`;
