exports[`test renders correctly 1`] = `
<div
  className="sc-bwzfXH kvZDMd">
  <div
    className="sc-bdVaJa cEaLC"
    color="black">
    M
  </div>
  <div
    className="sc-bdVaJa cEaLC"
    color="black">
    x
  </div>
  <div
    className="sc-bdVaJa cEaLC"
    color="black">
    T
  </div>
</div>
`;
